{"type":"server-started","port":57011,"host":"127.0.0.1","url_host":"localhost","url":"http://localhost:57011","screen_dir":"/Users/takumyii/Documents/GitHub/ITASIA302-Takumi/.superpowers/brainstorm/36223-1778235969/content","state_dir":"/Users/takumyii/Documents/GitHub/ITASIA302-Takumi/.superpowers/brainstorm/36223-1778235969/state"}
{"type":"screen-added","file":"/Users/takumyii/Documents/GitHub/ITASIA302-Takumi/.superpowers/brainstorm/36223-1778235969/content/research-histography-v2.html"}
{"type":"screen-added","file":"/Users/takumyii/Documents/GitHub/ITASIA302-Takumi/.superpowers/brainstorm/36223-1778235969/content/research-histography-v3.html"}
{"type":"screen-added","file":"/Users/takumyii/Documents/GitHub/ITASIA302-Takumi/.superpowers/brainstorm/36223-1778235969/content/research-histography-v4.html"}
{"type":"screen-added","file":"/Users/takumyii/Documents/GitHub/ITASIA302-Takumi/.superpowers/brainstorm/36223-1778235969/content/work-tab-v1.html"}
{"type":"screen-updated","file":"/Users/takumyii/Documents/GitHub/ITASIA302-Takumi/.superpowers/brainstorm/36223-1778235969/content/work-tab-v1.html"}
{"type":"screen-updated","file":"/Users/takumyii/Documents/GitHub/ITASIA302-Takumi/.superpowers/brainstorm/36223-1778235969/content/work-tab-v1.html"}
{"type":"screen-updated","file":"/Users/takumyii/Documents/GitHub/ITASIA302-Takumi/.superpowers/brainstorm/36223-1778235969/content/work-tab-v1.html"}
{"type":"screen-updated","file":"/Users/takumyii/Documents/GitHub/ITASIA302-Takumi/.superpowers/brainstorm/36223-1778235969/content/work-tab-v1.html"}
{"type":"screen-updated","file":"/Users/takumyii/Documents/GitHub/ITASIA302-Takumi/.superpowers/brainstorm/36223-1778235969/content/work-tab-v1.html"}
{"type":"screen-updated","file":"/Users/takumyii/Documents/GitHub/ITASIA302-Takumi/.superpowers/brainstorm/36223-1778235969/content/work-tab-v1.html"}
{"type":"screen-updated","file":"/Users/takumyii/Documents/GitHub/ITASIA302-Takumi/.superpowers/brainstorm/36223-1778235969/content/work-tab-v1.html"}
{"type":"screen-updated","file":"/Users/takumyii/Documents/GitHub/ITASIA302-Takumi/.superpowers/brainstorm/36223-1778235969/content/work-tab-v1.html"}
{"type":"screen-updated","file":"/Users/takumyii/Documents/GitHub/ITASIA302-Takumi/.superpowers/brainstorm/36223-1778235969/content/work-tab-v1.html"}
{"type":"screen-updated","file":"/Users/takumyii/Documents/GitHub/ITASIA302-Takumi/.superpowers/brainstorm/36223-1778235969/content/work-tab-v1.html"}
{"type":"screen-updated","file":"/Users/takumyii/Documents/GitHub/ITASIA302-Takumi/.superpowers/brainstorm/36223-1778235969/content/work-tab-v1.html"}
{"type":"screen-updated","file":"/Users/takumyii/Documents/GitHub/ITASIA302-Takumi/.superpowers/brainstorm/36223-1778235969/content/work-tab-v1.html"}
{"type":"screen-updated","file":"/Users/takumyii/Documents/GitHub/ITASIA302-Takumi/.superpowers/brainstorm/36223-1778235969/content/work-tab-v1.html"}
{"type":"screen-updated","file":"/Users/takumyii/Documents/GitHub/ITASIA302-Takumi/.superpowers/brainstorm/36223-1778235969/content/work-tab-v1.html"}
{"type":"screen-updated","file":"/Users/takumyii/Documents/GitHub/ITASIA302-Takumi/.superpowers/brainstorm/36223-1778235969/content/work-tab-v1.html"}
{"type":"screen-updated","file":"/Users/takumyii/Documents/GitHub/ITASIA302-Takumi/.superpowers/brainstorm/36223-1778235969/content/work-tab-v1.html"}
{"type":"screen-updated","file":"/Users/takumyii/Documents/GitHub/ITASIA302-Takumi/.superpowers/brainstorm/36223-1778235969/content/work-tab-v1.html"}
{"type":"screen-updated","file":"/Users/takumyii/Documents/GitHub/ITASIA302-Takumi/.superpowers/brainstorm/36223-1778235969/content/work-tab-v1.html"}
{"type":"screen-updated","file":"/Users/takumyii/Documents/GitHub/ITASIA302-Takumi/.superpowers/brainstorm/36223-1778235969/content/work-tab-v1.html"}
{"type":"screen-updated","file":"/Users/takumyii/Documents/GitHub/ITASIA302-Takumi/.superpowers/brainstorm/36223-1778235969/content/work-tab-v1.html"}
{"type":"screen-updated","file":"/Users/takumyii/Documents/GitHub/ITASIA302-Takumi/.superpowers/brainstorm/36223-1778235969/content/work-tab-v1.html"}
{"type":"screen-updated","file":"/Users/takumyii/Documents/GitHub/ITASIA302-Takumi/.superpowers/brainstorm/36223-1778235969/content/work-tab-v1.html"}
{"type":"screen-updated","file":"/Users/takumyii/Documents/GitHub/ITASIA302-Takumi/.superpowers/brainstorm/36223-1778235969/content/work-tab-v1.html"}
{"type":"screen-updated","file":"/Users/takumyii/Documents/GitHub/ITASIA302-Takumi/.superpowers/brainstorm/36223-1778235969/content/work-tab-v1.html"}
{"type":"screen-updated","file":"/Users/takumyii/Documents/GitHub/ITASIA302-Takumi/.superpowers/brainstorm/36223-1778235969/content/work-tab-v1.html"}
{"type":"screen-updated","file":"/Users/takumyii/Documents/GitHub/ITASIA302-Takumi/.superpowers/brainstorm/36223-1778235969/content/work-tab-v1.html"}
{"type":"screen-updated","file":"/Users/takumyii/Documents/GitHub/ITASIA302-Takumi/.superpowers/brainstorm/36223-1778235969/content/work-tab-v1.html"}
{"type":"screen-updated","file":"/Users/takumyii/Documents/GitHub/ITASIA302-Takumi/.superpowers/brainstorm/36223-1778235969/content/work-tab-v1.html"}
{"type":"screen-updated","file":"/Users/takumyii/Documents/GitHub/ITASIA302-Takumi/.superpowers/brainstorm/36223-1778235969/content/work-tab-v1.html"}
{"type":"screen-updated","file":"/Users/takumyii/Documents/GitHub/ITASIA302-Takumi/.superpowers/brainstorm/36223-1778235969/content/work-tab-v1.html"}
{"type":"screen-updated","file":"/Users/takumyii/Documents/GitHub/ITASIA302-Takumi/.superpowers/brainstorm/36223-1778235969/content/work-tab-v1.html"}
{"type":"screen-updated","file":"/Users/takumyii/Documents/GitHub/ITASIA302-Takumi/.superpowers/brainstorm/36223-1778235969/content/work-tab-v1.html"}
{"type":"screen-updated","file":"/Users/takumyii/Documents/GitHub/ITASIA302-Takumi/.superpowers/brainstorm/36223-1778235969/content/work-tab-v1.html"}
{"type":"screen-updated","file":"/Users/takumyii/Documents/GitHub/ITASIA302-Takumi/.superpowers/brainstorm/36223-1778235969/content/work-tab-v1.html"}
{"type":"screen-updated","file":"/Users/takumyii/Documents/GitHub/ITASIA302-Takumi/.superpowers/brainstorm/36223-1778235969/content/work-tab-v1.html"}
{"type":"server-stopped","reason":"idle timeout"}
